Archive member included to satisfy reference by file (symbol)

/usr/lib/gcc/arm-none-eabi/9.2.1/../../../arm-none-eabi/lib/thumb/v7e-m+dp/hard/libc_nano.a(lib_a-atexit.o)
                              /usr/lib/gcc/arm-none-eabi/9.2.1/../../../arm-none-eabi/lib/thumb/v7e-m+dp/hard/crt0.o (atexit)
/usr/lib/gcc/arm-none-eabi/9.2.1/../../../arm-none-eabi/lib/thumb/v7e-m+dp/hard/libc_nano.a(lib_a-exit.o)
                              /usr/lib/gcc/arm-none-eabi/9.2.1/../../../arm-none-eabi/lib/thumb/v7e-m+dp/hard/crt0.o (exit)
/usr/lib/gcc/arm-none-eabi/9.2.1/../../../arm-none-eabi/lib/thumb/v7e-m+dp/hard/libc_nano.a(lib_a-fini.o)
                              /usr/lib/gcc/arm-none-eabi/9.2.1/../../../arm-none-eabi/lib/thumb/v7e-m+dp/hard/crt0.o (__libc_fini_array)
/usr/lib/gcc/arm-none-eabi/9.2.1/../../../arm-none-eabi/lib/thumb/v7e-m+dp/hard/libc_nano.a(lib_a-impure.o)
                              /usr/lib/gcc/arm-none-eabi/9.2.1/../../../arm-none-eabi/lib/thumb/v7e-m+dp/hard/libc_nano.a(lib_a-exit.o) (_global_impure_ptr)
/usr/lib/gcc/arm-none-eabi/9.2.1/../../../arm-none-eabi/lib/thumb/v7e-m+dp/hard/libc_nano.a(lib_a-init.o)
                              /usr/lib/gcc/arm-none-eabi/9.2.1/../../../arm-none-eabi/lib/thumb/v7e-m+dp/hard/crt0.o (__libc_init_array)
/usr/lib/gcc/arm-none-eabi/9.2.1/../../../arm-none-eabi/lib/thumb/v7e-m+dp/hard/libc_nano.a(lib_a-memset.o)
                              /usr/lib/gcc/arm-none-eabi/9.2.1/../../../arm-none-eabi/lib/thumb/v7e-m+dp/hard/crt0.o (memset)
/usr/lib/gcc/arm-none-eabi/9.2.1/../../../arm-none-eabi/lib/thumb/v7e-m+dp/hard/libc_nano.a(lib_a-__atexit.o)
                              /usr/lib/gcc/arm-none-eabi/9.2.1/../../../arm-none-eabi/lib/thumb/v7e-m+dp/hard/libc_nano.a(lib_a-atexit.o) (__register_exitproc)
/usr/lib/gcc/arm-none-eabi/9.2.1/../../../arm-none-eabi/lib/thumb/v7e-m+dp/hard/libc_nano.a(lib_a-__call_atexit.o)
                              /usr/lib/gcc/arm-none-eabi/9.2.1/../../../arm-none-eabi/lib/thumb/v7e-m+dp/hard/libc_nano.a(lib_a-__atexit.o) (__call_exitprocs)
/usr/lib/gcc/arm-none-eabi/9.2.1/../../../arm-none-eabi/lib/thumb/v7e-m+dp/hard/libnosys.a(_exit.o)
                              /usr/lib/gcc/arm-none-eabi/9.2.1/../../../arm-none-eabi/lib/thumb/v7e-m+dp/hard/libc_nano.a(lib_a-exit.o) (_exit)
/usr/lib/gcc/arm-none-eabi/9.2.1/thumb/v7e-m+dp/hard/libgcc.a(_aeabi_uldivmod.o)
                              build/stm32f7xx_hal_rcc.o (__aeabi_uldivmod)
/usr/lib/gcc/arm-none-eabi/9.2.1/thumb/v7e-m+dp/hard/libgcc.a(_udivmoddi4.o)
                              /usr/lib/gcc/arm-none-eabi/9.2.1/thumb/v7e-m+dp/hard/libgcc.a(_aeabi_uldivmod.o) (__udivmoddi4)
/usr/lib/gcc/arm-none-eabi/9.2.1/thumb/v7e-m+dp/hard/libgcc.a(_dvmd_tls.o)
                              /usr/lib/gcc/arm-none-eabi/9.2.1/thumb/v7e-m+dp/hard/libgcc.a(_aeabi_uldivmod.o) (__aeabi_ldiv0)

Allocating common symbols
Common symbol       size              file

uwTick              0x4               build/stm32f7xx_hal.o
pFlash              0x1c              build/stm32f7xx_hal_flash.o
huart1              0x80              build/main.o

Discarded input sections

 .text          0x0000000000000000        0x0 /usr/lib/gcc/arm-none-eabi/9.2.1/thumb/v7e-m+dp/hard/crti.o
 .data          0x0000000000000000        0x0 /usr/lib/gcc/arm-none-eabi/9.2.1/thumb/v7e-m+dp/hard/crti.o
 .bss           0x0000000000000000        0x0 /usr/lib/gcc/arm-none-eabi/9.2.1/thumb/v7e-m+dp/hard/crti.o
 .data          0x0000000000000000        0x4 /usr/lib/gcc/arm-none-eabi/9.2.1/thumb/v7e-m+dp/hard/crtbegin.o
 .text          0x0000000000000000       0x70 /usr/lib/gcc/arm-none-eabi/9.2.1/../../../arm-none-eabi/lib/thumb/v7e-m+dp/hard/crt0.o
 .data          0x0000000000000000        0x0 /usr/lib/gcc/arm-none-eabi/9.2.1/../../../arm-none-eabi/lib/thumb/v7e-m+dp/hard/crt0.o
 .bss           0x0000000000000000        0x0 /usr/lib/gcc/arm-none-eabi/9.2.1/../../../arm-none-eabi/lib/thumb/v7e-m+dp/hard/crt0.o
 .ARM.extab     0x0000000000000000        0x0 /usr/lib/gcc/arm-none-eabi/9.2.1/../../../arm-none-eabi/lib/thumb/v7e-m+dp/hard/crt0.o
 .ARM.exidx     0x0000000000000000       0x10 /usr/lib/gcc/arm-none-eabi/9.2.1/../../../arm-none-eabi/lib/thumb/v7e-m+dp/hard/crt0.o
 .debug_line    0x0000000000000000       0x87 /usr/lib/gcc/arm-none-eabi/9.2.1/../../../arm-none-eabi/lib/thumb/v7e-m+dp/hard/crt0.o
 .debug_info    0x0000000000000000       0x26 /usr/lib/gcc/arm-none-eabi/9.2.1/../../../arm-none-eabi/lib/thumb/v7e-m+dp/hard/crt0.o
 .debug_abbrev  0x0000000000000000       0x14 /usr/lib/gcc/arm-none-eabi/9.2.1/../../../arm-none-eabi/lib/thumb/v7e-m+dp/hard/crt0.o
 .debug_aranges
                0x0000000000000000       0x20 /usr/lib/gcc/arm-none-eabi/9.2.1/../../../arm-none-eabi/lib/thumb/v7e-m+dp/hard/crt0.o
 .debug_str     0x0000000000000000       0x98 /usr/lib/gcc/arm-none-eabi/9.2.1/../../../arm-none-eabi/lib/thumb/v7e-m+dp/hard/crt0.o
 .ARM.attributes
[...]
Memory Configuration

Name             Origin             Length             Attributes
RAM              0x0000000020000000 0x0000000000080000 xrw
FLASH            0x0000000008000000 0x0000000000200000 xr
*default*        0x0000000000000000 0xffffffffffffffff

Linker script and memory map

LOAD /usr/lib/gcc/arm-none-eabi/9.2.1/thumb/v7e-m+dp/hard/crti.o
LOAD /usr/lib/gcc/arm-none-eabi/9.2.1/thumb/v7e-m+dp/hard/crtbegin.o
LOAD /usr/lib/gcc/arm-none-eabi/9.2.1/../../../arm-none-eabi/lib/thumb/v7e-m+dp/hard/crt0.o
LOAD build/main.o
LOAD build/stm32f7xx_it.o
LOAD build/stm32f7xx_hal_msp.o
LOAD build/stm32f7xx_hal_cortex.o
LOAD build/stm32f7xx_hal_tim.o
LOAD build/stm32f7xx_hal_tim_ex.o
LOAD build/stm32f7xx_hal_uart.o
LOAD build/stm32f7xx_hal_uart_ex.o
LOAD build/stm32f7xx_hal_rcc.o
LOAD build/stm32f7xx_hal_rcc_ex.o
LOAD build/stm32f7xx_hal_flash.o
LOAD build/stm32f7xx_hal_flash_ex.o
LOAD build/stm32f7xx_hal_gpio.o
LOAD build/stm32f7xx_hal_dma.o
LOAD build/stm32f7xx_hal_dma_ex.o
LOAD build/stm32f7xx_hal_pwr.o
LOAD build/stm32f7xx_hal_pwr_ex.o
LOAD build/stm32f7xx_hal.o
LOAD build/stm32f7xx_hal_i2c.o
LOAD build/stm32f7xx_hal_i2c_ex.o
LOAD build/stm32f7xx_hal_exti.o
LOAD build/system_stm32f7xx.o
LOAD build/startup_stm32f769xx.o
LOAD /usr/lib/gcc/arm-none-eabi/9.2.1/../../../arm-none-eabi/lib/thumb/v7e-m+dp/hard/libc_nano.a
LOAD /usr/lib/gcc/arm-none-eabi/9.2.1/../../../arm-none-eabi/lib/thumb/v7e-m+dp/hard/libm.a
LOAD /usr/lib/gcc/arm-none-eabi/9.2.1/../../../arm-none-eabi/lib/thumb/v7e-m+dp/hard/libnosys.a
START GROUP
LOAD /usr/lib/gcc/arm-none-eabi/9.2.1/thumb/v7e-m+dp/hard/libgcc.a
LOAD /usr/lib/gcc/arm-none-eabi/9.2.1/../../../arm-none-eabi/lib/thumb/v7e-m+dp/hard/libc_nano.a
END GROUP
START GROUP
LOAD /usr/lib/gcc/arm-none-eabi/9.2.1/thumb/v7e-m+dp/hard/libgcc.a
LOAD /usr/lib/gcc/arm-none-eabi/9.2.1/../../../arm-none-eabi/lib/thumb/v7e-m+dp/hard/libc_nano.a
END GROUP
LOAD /usr/lib/gcc/arm-none-eabi/9.2.1/thumb/v7e-m+dp/hard/crtend.o
LOAD /usr/lib/gcc/arm-none-eabi/9.2.1/thumb/v7e-m+dp/hard/crtn.o
                0x0000000020080000                _estack = 0x20080000
                0x0000000000000200                _Min_Heap_Size = 0x200
                0x0000000000000400                _Min_Stack_Size = 0x400

.isr_vector     0x0000000008000000      0x1f8
                0x0000000008000000                . = ALIGN (0x4)
 *(.isr_vector)
 .isr_vector    0x0000000008000000      0x1f8 build/startup_stm32f769xx.o
                0x0000000008000000                g_pfnVectors
                0x00000000080001f8                . = ALIGN (0x4)

.text           0x00000000080001f8     0x1c4c
                0x00000000080001f8                . = ALIGN (0x4)
 *(.text)
 .text          0x00000000080001f8       0x88 /usr/lib/gcc/arm-none-eabi/9.2.1/thumb/v7e-m+dp/hard/crtbegin.o
 .text          0x0000000008000280       0x48 /usr/lib/gcc/arm-none-eabi/9.2.1/../../../arm-none-eabi/lib/thumb/v7e-m+dp/hard/libc_nano.a(lib_a-init.o)
                0x0000000008000280                __libc_init_array
 .text          0x00000000080002c8       0xa0 /usr/lib/gcc/arm-none-eabi/9.2.1/../../../arm-none-eabi/lib/thumb/v7e-m+dp/hard/libc_nano.a(lib_a-memset.o)
                0x00000000080002c8                memset
 .text          0x0000000008000368       0x30 /usr/lib/gcc/arm-none-eabi/9.2.1/thumb/v7e-m+dp/hard/libgcc.a(_aeabi_uldivmod.o)
                0x0000000008000368                __aeabi_uldivmod
 .text          0x0000000008000398      0x2c4 /usr/lib/gcc/arm-none-eabi/9.2.1/thumb/v7e-m+dp/hard/libgcc.a(_udivmoddi4.o)
                0x0000000008000398                __udivmoddi4
 .text          0x000000000800065c        0x4 /usr/lib/gcc/arm-none-eabi/9.2.1/thumb/v7e-m+dp/hard/libgcc.a(_dvmd_tls.o)
                0x000000000800065c                __aeabi_ldiv0
                0x000000000800065c                __aeabi_idiv0
 *(.text*)
 .text.MX_GPIO_Init
                0x0000000008000660       0x20 build/main.o
 .text.MX_USART1_UART_Init
                0x0000000008000680       0x30 build/main.o
 .text.SystemClock_Config
                0x00000000080006b0       0xa8 build/main.o
                0x00000000080006b0                SystemClock_Config
 .text.main     0x0000000008000758       0x14 build/main.o
                0x0000000008000758                main
 .text.NMI_Handler
                0x000000000800076c        0x2 build/stm32f7xx_it.o
                0x000000000800076c                NMI_Handler
 .text.HardFault_Handler
                0x000000000800076e        0x2 build/stm32f7xx_it.o
                0x000000000800076e                HardFault_Handler
 .text.MemManage_Handler
                0x0000000008000770        0x2 build/stm32f7xx_it.o
                0x0000000008000770                MemManage_Handler
 .text.BusFault_Handler
                0x0000000008000772        0x2 build/stm32f7xx_it.o
                0x0000000008000772                BusFault_Handler
 .text.UsageFault_Handler
                0x0000000008000774        0x2 build/stm32f7xx_it.o
                0x0000000008000774                UsageFault_Handler
 .text.SVC_Handler
                0x0000000008000776        0x2 build/stm32f7xx_it.o
                0x0000000008000776                SVC_Handler
 .text.DebugMon_Handler
                0x0000000008000778        0x2 build/stm32f7xx_it.o
                0x0000000008000778                DebugMon_Handler
 .text.PendSV_Handler
                0x000000000800077a        0x2 build/stm32f7xx_it.o
                0x000000000800077a                PendSV_Handler
 .text.SysTick_Handler
                0x000000000800077c        0x8 build/stm32f7xx_it.o
                0x000000000800077c                SysTick_Handler
 .text.HAL_MspInit
                0x0000000008000784       0x30 build/stm32f7xx_hal_msp.o
                0x0000000008000784                HAL_MspInit
 .text.HAL_UART_MspInit
                0x00000000080007b4       0x70 build/stm32f7xx_hal_msp.o
                0x00000000080007b4                HAL_UART_MspInit
 .text.HAL_NVIC_SetPriorityGrouping
                0x0000000008000824       0x24 build/stm32f7xx_hal_cortex.o
                0x0000000008000824                HAL_NVIC_SetPriorityGrouping
 .text.HAL_NVIC_SetPriority
                0x0000000008000848       0x64 build/stm32f7xx_hal_cortex.o
                0x0000000008000848                HAL_NVIC_SetPriority
 .text.HAL_SYSTICK_Config
                0x00000000080008ac       0x2c build/stm32f7xx_hal_cortex.o
                0x00000000080008ac                HAL_SYSTICK_Config
 .text.UART_SetConfig
                0x00000000080008d8      0x3a0 build/stm32f7xx_hal_uart.o
                0x00000000080008d8                UART_SetConfig
 .text.UART_AdvFeatureConfig
                0x0000000008000c78       0xca build/stm32f7xx_hal_uart.o
                0x0000000008000c78                UART_AdvFeatureConfig
 .text.UART_WaitOnFlagUntilTimeout
                0x0000000008000d42       0xa2 build/stm32f7xx_hal_uart.o
                0x0000000008000d42                UART_WaitOnFlagUntilTimeout
 .text.UART_CheckIdleState
                0x0000000008000de4       0x6c build/stm32f7xx_hal_uart.o
                0x0000000008000de4                UART_CheckIdleState
 .text.HAL_UART_Init
                0x0000000008000e50       0x62 build/stm32f7xx_hal_uart.o
                0x0000000008000e50                HAL_UART_Init
 *fill*         0x0000000008000eb2        0x2 
 .text.HAL_RCC_OscConfig
                0x0000000008000eb4      0x444 build/stm32f7xx_hal_rcc.o
                0x0000000008000eb4                HAL_RCC_OscConfig
 .text.HAL_RCC_GetSysClockFreq
                0x00000000080012f8       0xa0 build/stm32f7xx_hal_rcc.o
                0x00000000080012f8                HAL_RCC_GetSysClockFreq
 .text.HAL_RCC_ClockConfig
                0x0000000008001398      0x16c build/stm32f7xx_hal_rcc.o
                0x0000000008001398                HAL_RCC_ClockConfig
 .text.HAL_RCC_GetHCLKFreq
                0x0000000008001504        0xc build/stm32f7xx_hal_rcc.o
                0x0000000008001504                HAL_RCC_GetHCLKFreq
 .text.HAL_RCC_GetPCLK1Freq
                0x0000000008001510       0x20 build/stm32f7xx_hal_rcc.o
                0x0000000008001510                HAL_RCC_GetPCLK1Freq
 .text.HAL_RCC_GetPCLK2Freq
                0x0000000008001530       0x20 build/stm32f7xx_hal_rcc.o
                0x0000000008001530                HAL_RCC_GetPCLK2Freq
 .text.HAL_RCCEx_PeriphCLKConfig
                0x0000000008001550      0x604 build/stm32f7xx_hal_rcc_ex.o
                0x0000000008001550                HAL_RCCEx_PeriphCLKConfig
 .text.HAL_GPIO_Init
                0x0000000008001b54      0x1e0 build/stm32f7xx_hal_gpio.o
                0x0000000008001b54                HAL_GPIO_Init
 .text.HAL_InitTick
                0x0000000008001d34       0x4c build/stm32f7xx_hal.o
                0x0000000008001d34                HAL_InitTick
 .text.HAL_Init
                0x0000000008001d80       0x16 build/stm32f7xx_hal.o
                0x0000000008001d80                HAL_Init
 *fill*         0x0000000008001d96        0x2 
 .text.HAL_IncTick
                0x0000000008001d98       0x18 build/stm32f7xx_hal.o
                0x0000000008001d98                HAL_IncTick
 .text.HAL_GetTick
                0x0000000008001db0        0xc build/stm32f7xx_hal.o
                0x0000000008001db0                HAL_GetTick
 .text.SystemInit
                0x0000000008001dbc       0x1c build/system_stm32f7xx.o
                0x0000000008001dbc                SystemInit
 .text.Reset_Handler
                0x0000000008001dd8       0x50 build/startup_stm32f769xx.o
                0x0000000008001dd8                Reset_Handler
 .text.Default_Handler
                0x0000000008001e28        0x2 build/startup_stm32f769xx.o
                0x0000000008001e28                RTC_Alarm_IRQHandler
                0x0000000008001e28                EXTI2_IRQHandler
                0x0000000008001e28                TIM8_CC_IRQHandler
                0x0000000008001e28                UART8_IRQHandler
                0x0000000008001e28                SPI4_IRQHandler
                0x0000000008001e28                TIM1_CC_IRQHandler
                0x0000000008001e28                DMA2_Stream5_IRQHandler
                0x0000000008001e28                JPEG_IRQHandler
                0x0000000008001e28                DMA1_Stream5_IRQHandler
                0x0000000008001e28                CAN3_RX1_IRQHandler
                0x0000000008001e28                PVD_IRQHandler
                0x0000000008001e28                TAMP_STAMP_IRQHandler
                0x0000000008001e28                CAN2_RX1_IRQHandler
                0x0000000008001e28                EXTI3_IRQHandler
                0x0000000008001e28                TIM8_TRG_COM_TIM14_IRQHandler
                0x0000000008001e28                DFSDM1_FLT1_IRQHandler
                0x0000000008001e28                TIM1_UP_TIM10_IRQHandler
                0x0000000008001e28                TIM8_UP_TIM13_IRQHandler
                0x0000000008001e28                I2C3_ER_IRQHandler
                0x0000000008001e28                DFSDM1_FLT2_IRQHandler
                0x0000000008001e28                EXTI0_IRQHandler
                0x0000000008001e28                I2C2_EV_IRQHandler
                0x0000000008001e28                DMA1_Stream2_IRQHandler
                0x0000000008001e28                CAN1_RX0_IRQHandler
                0x0000000008001e28                FPU_IRQHandler
                0x0000000008001e28                OTG_HS_WKUP_IRQHandler
                0x0000000008001e28                CAN3_SCE_IRQHandler
                0x0000000008001e28                LTDC_ER_IRQHandler
                0x0000000008001e28                CAN2_SCE_IRQHandler
                0x0000000008001e28                DMA2_Stream2_IRQHandler
                0x0000000008001e28                SPI1_IRQHandler
                0x0000000008001e28                TIM6_DAC_IRQHandler
                0x0000000008001e28                TIM1_BRK_TIM9_IRQHandler
                0x0000000008001e28                DCMI_IRQHandler
                0x0000000008001e28                CAN2_RX0_IRQHandler
                0x0000000008001e28                DMA2_Stream3_IRQHandler
                0x0000000008001e28                SAI2_IRQHandler
                0x0000000008001e28                DFSDM1_FLT3_IRQHandler
                0x0000000008001e28                USART6_IRQHandler
                0x0000000008001e28                CAN3_RX0_IRQHandler
                0x0000000008001e28                USART3_IRQHandler
                0x0000000008001e28                CAN1_RX1_IRQHandler
                0x0000000008001e28                UART5_IRQHandler
                0x0000000008001e28                DMA2_Stream0_IRQHandler
                0x0000000008001e28                TIM4_IRQHandler
                0x0000000008001e28                QUADSPI_IRQHandler
                0x0000000008001e28                I2C1_EV_IRQHandler
                0x0000000008001e28                DMA1_Stream6_IRQHandler
                0x0000000008001e28                DMA1_Stream1_IRQHandler
                0x0000000008001e28                UART4_IRQHandler
                0x0000000008001e28                TIM3_IRQHandler
                0x0000000008001e28                RCC_IRQHandler
                0x0000000008001e28                TIM8_BRK_TIM12_IRQHandler
                0x0000000008001e28                Default_Handler
                0x0000000008001e28                CEC_IRQHandler
                0x0000000008001e28                EXTI15_10_IRQHandler
                0x0000000008001e28                ADC_IRQHandler
                0x0000000008001e28                DMA1_Stream7_IRQHandler
                0x0000000008001e28                SPI5_IRQHandler
                0x0000000008001e28                TIM7_IRQHandler
                0x0000000008001e28                SDMMC1_IRQHandler
                0x0000000008001e28                CAN2_TX_IRQHandler
                0x0000000008001e28                TIM5_IRQHandler
                0x0000000008001e28                DMA2_Stream7_IRQHandler
                0x0000000008001e28                I2C3_EV_IRQHandler
                0x0000000008001e28                EXTI9_5_IRQHandler
                0x0000000008001e28                RTC_WKUP_IRQHandler
                0x0000000008001e28                LTDC_IRQHandler
                0x0000000008001e28                ETH_WKUP_IRQHandler
                0x0000000008001e28                SPDIF_RX_IRQHandler
                0x0000000008001e28                SPI2_IRQHandler
                0x0000000008001e28                OTG_HS_EP1_IN_IRQHandler
                0x0000000008001e28                DMA1_Stream0_IRQHandler
                0x0000000008001e28                CAN1_TX_IRQHandler
                0x0000000008001e28                EXTI4_IRQHandler
                0x0000000008001e28                RNG_IRQHandler
                0x0000000008001e28                DSI_IRQHandler
                0x0000000008001e28                ETH_IRQHandler
                0x0000000008001e28                OTG_HS_EP1_OUT_IRQHandler
                0x0000000008001e28                WWDG_IRQHandler
                0x0000000008001e28                SPI6_IRQHandler
                0x0000000008001e28                MDIOS_IRQHandler
                0x0000000008001e28                I2C4_EV_IRQHandler
                0x0000000008001e28                CAN3_TX_IRQHandler
                0x0000000008001e28                TIM2_IRQHandler
                0x0000000008001e28                OTG_FS_WKUP_IRQHandler
                0x0000000008001e28                TIM1_TRG_COM_TIM11_IRQHandler
                0x0000000008001e28                OTG_HS_IRQHandler
                0x0000000008001e28                DMA2D_IRQHandler
                0x0000000008001e28                EXTI1_IRQHandler
                0x0000000008001e28                SDMMC2_IRQHandler
                0x0000000008001e28                UART7_IRQHandler
                0x0000000008001e28                USART2_IRQHandler
                0x0000000008001e28                DFSDM1_FLT0_IRQHandler
                0x0000000008001e28                I2C2_ER_IRQHandler
                0x0000000008001e28                DMA2_Stream1_IRQHandler
                0x0000000008001e28                CAN1_SCE_IRQHandler
                0x0000000008001e28                FLASH_IRQHandler
                0x0000000008001e28                DMA2_Stream4_IRQHandler
                0x0000000008001e28                USART1_IRQHandler
                0x0000000008001e28                OTG_FS_IRQHandler
                0x0000000008001e28                SPI3_IRQHandler
                0x0000000008001e28                DMA1_Stream4_IRQHandler
                0x0000000008001e28                I2C1_ER_IRQHandler
                0x0000000008001e28                FMC_IRQHandler
                0x0000000008001e28                LPTIM1_IRQHandler
                0x0000000008001e28                I2C4_ER_IRQHandler
                0x0000000008001e28                DMA2_Stream6_IRQHandler
                0x0000000008001e28                SAI1_IRQHandler
                0x0000000008001e28                DMA1_Stream3_IRQHandler
 *(.glue_7)
 .glue_7        0x0000000008001e2a        0x0 linker stubs
 *(.glue_7t)
 .glue_7t       0x0000000008001e2a        0x0 linker stubs
 *(.eh_frame)
 *fill*         0x0000000008001e2a        0x2 
 .eh_frame      0x0000000008001e2c        0x0 /usr/lib/gcc/arm-none-eabi/9.2.1/thumb/v7e-m+dp/hard/crtbegin.o
 *(.init)
 .init          0x0000000008001e2c        0x4 /usr/lib/gcc/arm-none-eabi/9.2.1/thumb/v7e-m+dp/hard/crti.o
                0x0000000008001e2c                _init
 .init          0x0000000008001e30        0x8 /usr/lib/gcc/arm-none-eabi/9.2.1/thumb/v7e-m+dp/hard/crtn.o
 *(.fini)
 .fini          0x0000000008001e38        0x4 /usr/lib/gcc/arm-none-eabi/9.2.1/thumb/v7e-m+dp/hard/crti.o
                0x0000000008001e38                _fini
 .fini          0x0000000008001e3c        0x8 /usr/lib/gcc/arm-none-eabi/9.2.1/thumb/v7e-m+dp/hard/crtn.o
                0x0000000008001e44                . = ALIGN (0x4)
                0x0000000008001e44                _etext = .

.vfp11_veneer   0x0000000008001e44        0x0
 .vfp11_veneer  0x0000000008001e44        0x0 linker stubs

.v4_bx          0x0000000008001e44        0x0
 .v4_bx         0x0000000008001e44        0x0 linker stubs

.iplt           0x0000000008001e44        0x0
 .iplt          0x0000000008001e44        0x0 /usr/lib/gcc/arm-none-eabi/9.2.1/thumb/v7e-m+dp/hard/crtbegin.o

.rodata         0x0000000008001e44       0x18
                0x0000000008001e44                . = ALIGN (0x4)
 *(.rodata)
 *(.rodata*)
 .rodata.AHBPrescTable
                0x0000000008001e44       0x10 build/system_stm32f7xx.o
                0x0000000008001e44                AHBPrescTable
 .rodata.APBPrescTable
                0x0000000008001e54        0x8 build/system_stm32f7xx.o
                0x0000000008001e54                APBPrescTable
                0x0000000008001e5c                . = ALIGN (0x4)

.ARM.extab
 *(.ARM.extab* .gnu.linkonce.armextab.*)

.ARM            0x0000000008001e5c        0x8
                0x0000000008001e5c                __exidx_start = .
 *(.ARM.exidx*)
 .ARM.exidx     0x0000000008001e5c        0x8 /usr/lib/gcc/arm-none-eabi/9.2.1/thumb/v7e-m+dp/hard/libgcc.a(_udivmoddi4.o)
                0x0000000008001e64                __exidx_end = .

.rel.dyn        0x0000000008001e64        0x0
 .rel.iplt      0x0000000008001e64        0x0 /usr/lib/gcc/arm-none-eabi/9.2.1/thumb/v7e-m+dp/hard/crtbegin.o

.preinit_array  0x0000000008001e64        0x0
                0x0000000008001e64                PROVIDE (__preinit_array_start = .)
 *(.preinit_array*)
                0x0000000008001e64                PROVIDE (__preinit_array_end = .)

.init_array     0x0000000008001e64        0x4
                0x0000000008001e64                PROVIDE (__init_array_start = .)
 *(SORT_BY_NAME(.init_array.*))
 *(.init_array*)
 .init_array    0x0000000008001e64        0x4 /usr/lib/gcc/arm-none-eabi/9.2.1/thumb/v7e-m+dp/hard/crtbegin.o
                0x0000000008001e68                PROVIDE (__init_array_end = .)

.fini_array     0x0000000008001e68        0x4
                0x0000000008001e68                PROVIDE (__fini_array_start = .)
 *(SORT_BY_NAME(.fini_array.*))
 *(.fini_array*)
 .fini_array    0x0000000008001e68        0x4 /usr/lib/gcc/arm-none-eabi/9.2.1/thumb/v7e-m+dp/hard/crtbegin.o
                0x0000000008001e6c                PROVIDE (__fini_array_end = .)
                0x0000000008001e6c                _sidata = LOADADDR (.data)

.data           0x0000000020000000        0xc load address 0x0000000008001e6c
                0x0000000020000000                . = ALIGN (0x4)
                0x0000000020000000                _sdata = .
 *(.data)
 *(.data*)
 .data.uwTickFreq
                0x0000000020000000        0x1 build/stm32f7xx_hal.o
                0x0000000020000000                uwTickFreq
 *fill*         0x0000000020000001        0x3 
 .data.uwTickPrio
                0x0000000020000004        0x4 build/stm32f7xx_hal.o
                0x0000000020000004                uwTickPrio
 .data.SystemCoreClock
                0x0000000020000008        0x4 build/system_stm32f7xx.o
                0x0000000020000008                SystemCoreClock
                0x000000002000000c                . = ALIGN (0x4)
                0x000000002000000c                _edata = .

.tm_clone_table
                0x000000002000000c        0x0 load address 0x0000000008001e78
 .tm_clone_table
                0x000000002000000c        0x0 /usr/lib/gcc/arm-none-eabi/9.2.1/thumb/v7e-m+dp/hard/crtbegin.o
 .tm_clone_table
                0x000000002000000c        0x0 /usr/lib/gcc/arm-none-eabi/9.2.1/thumb/v7e-m+dp/hard/crtend.o

.igot.plt       0x000000002000000c        0x0 load address 0x0000000008001e78
 .igot.plt      0x000000002000000c        0x0 /usr/lib/gcc/arm-none-eabi/9.2.1/thumb/v7e-m+dp/hard/crtbegin.o
                0x000000002000000c                . = ALIGN (0x4)

.bss            0x000000002000000c       0xa0 load address 0x0000000008001e78
                0x000000002000000c                _sbss = .
                0x000000002000000c                __bss_start__ = _sbss
 *(.bss)
 .bss           0x000000002000000c       0x1c /usr/lib/gcc/arm-none-eabi/9.2.1/thumb/v7e-m+dp/hard/crtbegin.o
 *(.bss*)
 *(COMMON)
 COMMON         0x0000000020000028       0x80 build/main.o
                0x0000000020000028                huart1
 COMMON         0x00000000200000a8        0x4 build/stm32f7xx_hal.o
                0x00000000200000a8                uwTick
                0x00000000200000ac                . = ALIGN (0x4)
                0x00000000200000ac                _ebss = .
                0x00000000200000ac                __bss_end__ = _ebss

._user_heap_stack
                0x00000000200000ac      0x604 load address 0x0000000008001e78
                0x00000000200000b0                . = ALIGN (0x8)
 *fill*         0x00000000200000ac        0x4 
                [!provide]                        PROVIDE (end = .)
                [!provide]                        PROVIDE (_end = .)
                0x00000000200002b0                . = (. + _Min_Heap_Size)
 *fill*         0x00000000200000b0      0x200 
                0x00000000200006b0                . = (. + _Min_Stack_Size)
 *fill*         0x00000000200002b0      0x400 
                0x00000000200006b0                . = ALIGN (0x8)

/DISCARD/
 libc.a(*)
 libm.a(*)
 libgcc.a(*)

.ARM.attributes
                0x0000000000000000       0x2e
 *(.ARM.attributes)
 .ARM.attributes
                0x0000000000000000       0x1e /usr/lib/gcc/arm-none-eabi/9.2.1/thumb/v7e-m+dp/hard/crti.o
 .ARM.attributes
                0x000000000000001e       0x32 /usr/lib/gcc/arm-none-eabi/9.2.1/thumb/v7e-m+dp/hard/crtbegin.o
 .ARM.attributes
                0x0000000000000050       0x32 build/main.o
 .ARM.attributes
                0x0000000000000082       0x32 build/stm32f7xx_it.o
 .ARM.attributes
                0x00000000000000b4       0x32 build/stm32f7xx_hal_msp.o
 .ARM.attributes
                0x00000000000000e6       0x32 build/stm32f7xx_hal_cortex.o
 .ARM.attributes
                0x0000000000000118       0x32 build/stm32f7xx_hal_uart.o
 .ARM.attributes
                0x000000000000014a       0x32 build/stm32f7xx_hal_rcc.o
 .ARM.attributes
                0x000000000000017c       0x32 build/stm32f7xx_hal_rcc_ex.o
 .ARM.attributes
                0x00000000000001ae       0x32 build/stm32f7xx_hal_gpio.o
 .ARM.attributes
                0x00000000000001e0       0x32 build/stm32f7xx_hal.o
 .ARM.attributes
                0x0000000000000212       0x32 build/system_stm32f7xx.o
 .ARM.attributes
                0x0000000000000244       0x21 build/startup_stm32f769xx.o
 .ARM.attributes
                0x0000000000000265       0x32 /usr/lib/gcc/arm-none-eabi/9.2.1/../../../arm-none-eabi/lib/thumb/v7e-m+dp/hard/libc_nano.a(lib_a-init.o)
 .ARM.attributes
                0x0000000000000297       0x32 /usr/lib/gcc/arm-none-eabi/9.2.1/../../../arm-none-eabi/lib/thumb/v7e-m+dp/hard/libc_nano.a(lib_a-memset.o)
 .ARM.attributes
                0x00000000000002c9       0x1e /usr/lib/gcc/arm-none-eabi/9.2.1/thumb/v7e-m+dp/hard/libgcc.a(_aeabi_uldivmod.o)
 .ARM.attributes
                0x00000000000002e7       0x32 /usr/lib/gcc/arm-none-eabi/9.2.1/thumb/v7e-m+dp/hard/libgcc.a(_udivmoddi4.o)
 .ARM.attributes
                0x0000000000000319       0x1e /usr/lib/gcc/arm-none-eabi/9.2.1/thumb/v7e-m+dp/hard/libgcc.a(_dvmd_tls.o)
 .ARM.attributes
                0x0000000000000337       0x30 /usr/lib/gcc/arm-none-eabi/9.2.1/thumb/v7e-m+dp/hard/crtend.o
 .ARM.attributes
                0x0000000000000367       0x1e /usr/lib/gcc/arm-none-eabi/9.2.1/thumb/v7e-m+dp/hard/crtn.o
OUTPUT(build/stm32-init-code.elf elf32-littlearm)
LOAD linker stubs
LOAD /usr/lib/gcc/arm-none-eabi/9.2.1/../../../arm-none-eabi/lib/thumb/v7e-m+dp/hard/libc.a
LOAD /usr/lib/gcc/arm-none-eabi/9.2.1/../../../arm-none-eabi/lib/thumb/v7e-m+dp/hard/libm.a
LOAD /usr/lib/gcc/arm-none-eabi/9.2.1/thumb/v7e-m+dp/hard/libgcc.a

.comment        0x0000000000000000       0xa7
 .comment       0x0000000000000000       0x59 /usr/lib/gcc/arm-none-eabi/9.2.1/thumb/v7e-m+dp/hard/crtbegin.o
                                         0x5a (size before relaxing)
 .comment       0x0000000000000059       0x5a build/main.o
 .comment       0x0000000000000059       0x5a build/stm32f7xx_it.o
 .comment       0x0000000000000059       0x5a build/stm32f7xx_hal_msp.o
 .comment       0x0000000000000059       0x5a build/stm32f7xx_hal_cortex.o
 .comment       0x0000000000000059       0x5a build/stm32f7xx_hal_uart.o
 .comment       0x0000000000000059       0x5a build/stm32f7xx_hal_rcc.o
 .comment       0x0000000000000059       0x5a build/stm32f7xx_hal_rcc_ex.o
 .comment       0x0000000000000059       0x5a build/stm32f7xx_hal_gpio.o
 .comment       0x0000000000000059       0x5a build/stm32f7xx_hal.o
 .comment       0x0000000000000059       0x5a build/system_stm32f7xx.o
 .comment       0x0000000000000059       0x4e /usr/lib/gcc/arm-none-eabi/9.2.1/../../../arm-none-eabi/lib/thumb/v7e-m+dp/hard/libc_nano.a(lib_a-init.o)
                                         0x4f (size before relaxing)
 .comment       0x00000000000000a7       0x4f /usr/lib/gcc/arm-none-eabi/9.2.1/../../../arm-none-eabi/lib/thumb/v7e-m+dp/hard/libc_nano.a(lib_a-memset.o)
 .comment       0x00000000000000a7       0x5a /usr/lib/gcc/arm-none-eabi/9.2.1/thumb/v7e-m+dp/hard/libgcc.a(_udivmoddi4.o)
 .comment       0x00000000000000a7       0x5a /usr/lib/gcc/arm-none-eabi/9.2.1/thumb/v7e-m+dp/hard/crtend.o

.debug_info     0x0000000000000000     0xa937
 .debug_info    0x0000000000000000     0x1061 build/main.o
 .debug_info    0x0000000000001061      0x24d build/stm32f7xx_it.o
 .debug_info    0x00000000000012ae      0xc42 build/stm32f7xx_hal_msp.o
 .debug_info    0x0000000000001ef0     0x14de build/stm32f7xx_hal_cortex.o
 .debug_info    0x00000000000033ce     0x21da build/stm32f7xx_hal_uart.o
 .debug_info    0x00000000000055a8      0xd39 build/stm32f7xx_hal_rcc.o
 .debug_info    0x00000000000062e1      0xa45 build/stm32f7xx_hal_rcc_ex.o
 .debug_info    0x0000000000006d26      0x928 build/stm32f7xx_hal_gpio.o
 .debug_info    0x000000000000764e      0xc5d build/stm32f7xx_hal.o
 .debug_info    0x00000000000082ab      0x867 build/system_stm32f7xx.o
 .debug_info    0x0000000000008b12       0x22 build/startup_stm32f769xx.o
 .debug_info    0x0000000000008b34      0x11a /usr/lib/gcc/arm-none-eabi/9.2.1/../../../arm-none-eabi/lib/thumb/v7e-m+dp/hard/libc_nano.a(lib_a-init.o)
 .debug_info    0x0000000000008c4e      0xf21 /usr/lib/gcc/arm-none-eabi/9.2.1/../../../arm-none-eabi/lib/thumb/v7e-m+dp/hard/libc_nano.a(lib_a-memset.o)
 .debug_info    0x0000000000009b6f       0x26 /usr/lib/gcc/arm-none-eabi/9.2.1/thumb/v7e-m+dp/hard/libgcc.a(_aeabi_uldivmod.o)
 .debug_info    0x0000000000009b95      0xd7c /usr/lib/gcc/arm-none-eabi/9.2.1/thumb/v7e-m+dp/hard/libgcc.a(_udivmoddi4.o)
 .debug_info    0x000000000000a911       0x26 /usr/lib/gcc/arm-none-eabi/9.2.1/thumb/v7e-m+dp/hard/libgcc.a(_dvmd_tls.o)

.debug_abbrev   0x0000000000000000     0x1ab9
 .debug_abbrev  0x0000000000000000      0x24e build/main.o
 .debug_abbrev  0x000000000000024e       0xf2 build/stm32f7xx_it.o
 .debug_abbrev  0x0000000000000340      0x1bf build/stm32f7xx_hal_msp.o
 .debug_abbrev  0x00000000000004ff      0x3a8 build/stm32f7xx_hal_cortex.o
 .debug_abbrev  0x00000000000008a7      0x2ac build/stm32f7xx_hal_uart.o
 .debug_abbrev  0x0000000000000b53      0x2f5 build/stm32f7xx_hal_rcc.o
 .debug_abbrev  0x0000000000000e48      0x203 build/stm32f7xx_hal_rcc_ex.o
 .debug_abbrev  0x000000000000104b      0x258 build/stm32f7xx_hal_gpio.o
 .debug_abbrev  0x00000000000012a3      0x21c build/stm32f7xx_hal.o
 .debug_abbrev  0x00000000000014bf      0x159 build/system_stm32f7xx.o
 .debug_abbrev  0x0000000000001618       0x12 build/startup_stm32f769xx.o
 .debug_abbrev  0x000000000000162a       0xcc /usr/lib/gcc/arm-none-eabi/9.2.1/../../../arm-none-eabi/lib/thumb/v7e-m+dp/hard/libc_nano.a(lib_a-init.o)
 .debug_abbrev  0x00000000000016f6      0x1d9 /usr/lib/gcc/arm-none-eabi/9.2.1/../../../arm-none-eabi/lib/thumb/v7e-m+dp/hard/libc_nano.a(lib_a-memset.o)
 .debug_abbrev  0x00000000000018cf       0x14 /usr/lib/gcc/arm-none-eabi/9.2.1/thumb/v7e-m+dp/hard/libgcc.a(_aeabi_uldivmod.o)
 .debug_abbrev  0x00000000000018e3      0x1c2 /usr/lib/gcc/arm-none-eabi/9.2.1/thumb/v7e-m+dp/hard/libgcc.a(_udivmoddi4.o)
 .debug_abbrev  0x0000000000001aa5       0x14 /usr/lib/gcc/arm-none-eabi/9.2.1/thumb/v7e-m+dp/hard/libgcc.a(_dvmd_tls.o)

.debug_loc      0x0000000000000000     0x5785
 .debug_loc     0x0000000000000000       0xa5 build/main.o
 .debug_loc     0x00000000000000a5       0x20 build/stm32f7xx_it.o
 .debug_loc     0x00000000000000c5      0x114 build/stm32f7xx_hal_msp.o
 .debug_loc     0x00000000000001d9      0x7c4 build/stm32f7xx_hal_cortex.o
 .debug_loc     0x000000000000099d     0x20d7 build/stm32f7xx_hal_uart.o
 .debug_loc     0x0000000000002a74      0x7f0 build/stm32f7xx_hal_rcc.o
 .debug_loc     0x0000000000003264      0x973 build/stm32f7xx_hal_rcc_ex.o
 .debug_loc     0x0000000000003bd7      0x5d4 build/stm32f7xx_hal_gpio.o
 .debug_loc     0x00000000000041ab      0x1e1 build/stm32f7xx_hal.o
 .debug_loc     0x000000000000438c      0x16c build/system_stm32f7xx.o
 .debug_loc     0x00000000000044f8       0xba /usr/lib/gcc/arm-none-eabi/9.2.1/../../../arm-none-eabi/lib/thumb/v7e-m+dp/hard/libc_nano.a(lib_a-init.o)
 .debug_loc     0x00000000000045b2      0x231 /usr/lib/gcc/arm-none-eabi/9.2.1/../../../arm-none-eabi/lib/thumb/v7e-m+dp/hard/libc_nano.a(lib_a-memset.o)
 .debug_loc     0x00000000000047e3      0xfa2 /usr/lib/gcc/arm-none-eabi/9.2.1/thumb/v7e-m+dp/hard/libgcc.a(_udivmoddi4.o)

.debug_aranges  0x0000000000000000      0x6c0
 .debug_aranges
                0x0000000000000000       0x40 build/main.o
 .debug_aranges
                0x0000000000000040       0x60 build/stm32f7xx_it.o
 .debug_aranges
                0x00000000000000a0       0x30 build/stm32f7xx_hal_msp.o
 .debug_aranges
                0x00000000000000d0       0xa8 build/stm32f7xx_hal_cortex.o
 .debug_aranges
                0x0000000000000178      0x218 build/stm32f7xx_hal_uart.o
 .debug_aranges
                0x0000000000000390       0x88 build/stm32f7xx_hal_rcc.o
 .debug_aranges
                0x0000000000000418       0x50 build/stm32f7xx_hal_rcc_ex.o
 .debug_aranges
                0x0000000000000468       0x58 build/stm32f7xx_hal_gpio.o
 .debug_aranges
                0x00000000000004c0      0x110 build/stm32f7xx_hal.o
 .debug_aranges
                0x00000000000005d0       0x28 build/system_stm32f7xx.o
 .debug_aranges
                0x00000000000005f8       0x28 build/startup_stm32f769xx.o
 .debug_aranges
                0x0000000000000620       0x20 /usr/lib/gcc/arm-none-eabi/9.2.1/../../../arm-none-eabi/lib/thumb/v7e-m+dp/hard/libc_nano.a(lib_a-init.o)
 .debug_aranges
                0x0000000000000640       0x20 /usr/lib/gcc/arm-none-eabi/9.2.1/../../../arm-none-eabi/lib/thumb/v7e-m+dp/hard/libc_nano.a(lib_a-memset.o)
 .debug_aranges
                0x0000000000000660       0x20 /usr/lib/gcc/arm-none-eabi/9.2.1/thumb/v7e-m+dp/hard/libgcc.a(_aeabi_uldivmod.o)
 .debug_aranges
                0x0000000000000680       0x20 /usr/lib/gcc/arm-none-eabi/9.2.1/thumb/v7e-m+dp/hard/libgcc.a(_udivmoddi4.o)
 .debug_aranges
                0x00000000000006a0       0x20 /usr/lib/gcc/arm-none-eabi/9.2.1/thumb/v7e-m+dp/hard/libgcc.a(_dvmd_tls.o)

.debug_ranges   0x0000000000000000      0x6a0
 .debug_ranges  0x0000000000000000       0x30 build/main.o
 .debug_ranges  0x0000000000000030       0x50 build/stm32f7xx_it.o
 .debug_ranges  0x0000000000000080       0x20 build/stm32f7xx_hal_msp.o
 .debug_ranges  0x00000000000000a0       0xf8 build/stm32f7xx_hal_cortex.o
 .debug_ranges  0x0000000000000198      0x208 build/stm32f7xx_hal_uart.o
 .debug_ranges  0x00000000000003a0       0x78 build/stm32f7xx_hal_rcc.o
 .debug_ranges  0x0000000000000418       0x40 build/stm32f7xx_hal_rcc_ex.o
 .debug_ranges  0x0000000000000458       0x48 build/stm32f7xx_hal_gpio.o
 .debug_ranges  0x00000000000004a0      0x100 build/stm32f7xx_hal.o
 .debug_ranges  0x00000000000005a0       0x18 build/system_stm32f7xx.o
 .debug_ranges  0x00000000000005b8       0x20 build/startup_stm32f769xx.o
 .debug_ranges  0x00000000000005d8       0xc8 /usr/lib/gcc/arm-none-eabi/9.2.1/thumb/v7e-m+dp/hard/libgcc.a(_udivmoddi4.o)

.debug_line     0x0000000000000000     0x6066
 .debug_line    0x0000000000000000      0x326 build/main.o
 .debug_line    0x0000000000000326      0x1f9 build/stm32f7xx_it.o
 .debug_line    0x000000000000051f      0x233 build/stm32f7xx_hal_msp.o
 .debug_line    0x0000000000000752      0x717 build/stm32f7xx_hal_cortex.o
 .debug_line    0x0000000000000e69     0x212a build/stm32f7xx_hal_uart.o
 .debug_line    0x0000000000002f93      0xc6b build/stm32f7xx_hal_rcc.o
 .debug_line    0x0000000000003bfe      0xbcf build/stm32f7xx_hal_rcc_ex.o
 .debug_line    0x00000000000047cd      0x6a2 build/stm32f7xx_hal_gpio.o
 .debug_line    0x0000000000004e6f      0x535 build/stm32f7xx_hal.o
 .debug_line    0x00000000000053a4      0x1fd build/system_stm32f7xx.o
 .debug_line    0x00000000000055a1       0x73 build/startup_stm32f769xx.o
 .debug_line    0x0000000000005614      0x10d /usr/lib/gcc/arm-none-eabi/9.2.1/../../../arm-none-eabi/lib/thumb/v7e-m+dp/hard/libc_nano.a(lib_a-init.o)
 .debug_line    0x0000000000005721      0x26b /usr/lib/gcc/arm-none-eabi/9.2.1/../../../arm-none-eabi/lib/thumb/v7e-m+dp/hard/libc_nano.a(lib_a-memset.o)
 .debug_line    0x000000000000598c       0x60 /usr/lib/gcc/arm-none-eabi/9.2.1/thumb/v7e-m+dp/hard/libgcc.a(_aeabi_uldivmod.o)
 .debug_line    0x00000000000059ec      0x61a /usr/lib/gcc/arm-none-eabi/9.2.1/thumb/v7e-m+dp/hard/libgcc.a(_udivmoddi4.o)
 .debug_line    0x0000000000006006       0x60 /usr/lib/gcc/arm-none-eabi/9.2.1/thumb/v7e-m+dp/hard/libgcc.a(_dvmd_tls.o)

.debug_str      0x0000000000000000     0x42b1
 .debug_str     0x0000000000000000      0xbfc build/main.o
                                        0xc95 (size before relaxing)
 .debug_str     0x0000000000000bfc       0xaf build/stm32f7xx_it.o
                                        0x320 (size before relaxing)
 .debug_str     0x0000000000000cab       0xd4 build/stm32f7xx_hal_msp.o
                                        0x896 (size before relaxing)
 .debug_str     0x0000000000000d7f      0xc13 build/stm32f7xx_hal_cortex.o
                                        0xf12 (size before relaxing)
 .debug_str     0x0000000000001992      0x7ca build/stm32f7xx_hal_uart.o
                                       0x1018 (size before relaxing)
 .debug_str     0x000000000000215c      0x189 build/stm32f7xx_hal_rcc.o
                                        0x7a9 (size before relaxing)
 .debug_str     0x00000000000022e5      0x14c build/stm32f7xx_hal_rcc_ex.o
                                        0x809 (size before relaxing)
 .debug_str     0x0000000000002431      0x14e build/stm32f7xx_hal_gpio.o
                                        0x5c2 (size before relaxing)
 .debug_str     0x000000000000257f      0x29d build/stm32f7xx_hal.o
                                        0xd8b (size before relaxing)
 .debug_str     0x000000000000281c       0x42 build/system_stm32f7xx.o
                                        0x4fa (size before relaxing)
 .debug_str     0x000000000000285e       0x22 build/startup_stm32f769xx.o
                                         0x69 (size before relaxing)
 .debug_str     0x0000000000002880      0x191 /usr/lib/gcc/arm-none-eabi/9.2.1/../../../arm-none-eabi/lib/thumb/v7e-m+dp/hard/libc_nano.a(lib_a-init.o)
                                        0x22c (size before relaxing)
 .debug_str     0x0000000000002a11      0x6f5 /usr/lib/gcc/arm-none-eabi/9.2.1/../../../arm-none-eabi/lib/thumb/v7e-m+dp/hard/libc_nano.a(lib_a-memset.o)
                                        0x912 (size before relaxing)
 .debug_str     0x0000000000003106       0x97 /usr/lib/gcc/arm-none-eabi/9.2.1/thumb/v7e-m+dp/hard/libgcc.a(_aeabi_uldivmod.o)
                                         0xa3 (size before relaxing)
 .debug_str     0x000000000000319d     0x10e4 /usr/lib/gcc/arm-none-eabi/9.2.1/thumb/v7e-m+dp/hard/libgcc.a(_udivmoddi4.o)
                                       0x11e9 (size before relaxing)
 .debug_str     0x0000000000004281       0x30 /usr/lib/gcc/arm-none-eabi/9.2.1/thumb/v7e-m+dp/hard/libgcc.a(_dvmd_tls.o)
                                         0xa7 (size before relaxing)

.debug_frame    0x0000000000000000      0xf08
 .debug_frame   0x0000000000000000       0x8c build/main.o
 .debug_frame   0x000000000000008c       0xa8 build/stm32f7xx_it.o
 .debug_frame   0x0000000000000134       0x60 build/stm32f7xx_hal_msp.o
 .debug_frame   0x0000000000000194      0x15c build/stm32f7xx_hal_cortex.o
 .debug_frame   0x00000000000002f0      0x5d4 build/stm32f7xx_hal_uart.o
 .debug_frame   0x00000000000008c4      0x180 build/stm32f7xx_hal_rcc.o
 .debug_frame   0x0000000000000a44       0xcc build/stm32f7xx_hal_rcc_ex.o
 .debug_frame   0x0000000000000b10       0xd8 build/stm32f7xx_hal_gpio.o
 .debug_frame   0x0000000000000be8      0x22c build/stm32f7xx_hal.o
 .debug_frame   0x0000000000000e14       0x30 build/system_stm32f7xx.o
 .debug_frame   0x0000000000000e44       0x2c /usr/lib/gcc/arm-none-eabi/9.2.1/../../../arm-none-eabi/lib/thumb/v7e-m+dp/hard/libc_nano.a(lib_a-init.o)
 .debug_frame   0x0000000000000e70       0x38 /usr/lib/gcc/arm-none-eabi/9.2.1/../../../arm-none-eabi/lib/thumb/v7e-m+dp/hard/libc_nano.a(lib_a-memset.o)
 .debug_frame   0x0000000000000ea8       0x2c /usr/lib/gcc/arm-none-eabi/9.2.1/thumb/v7e-m+dp/hard/libgcc.a(_aeabi_uldivmod.o)
 .debug_frame   0x0000000000000ed4       0x34 /usr/lib/gcc/arm-none-eabi/9.2.1/thumb/v7e-m+dp/hard/libgcc.a(_udivmoddi4.o)

Cross Reference Table

Symbol                                            File
ADC_IRQHandler                                    build/startup_stm32f769xx.o
AHBPrescTable                                     build/system_stm32f7xx.o
                                                  build/stm32f7xx_hal_rcc.o
APBPrescTable                                     build/system_stm32f7xx.o
                                                  build/stm32f7xx_hal_rcc.o
BusFault_Handler                                  build/stm32f7xx_it.o
CAN1_RX0_IRQHandler                               build/startup_stm32f769xx.o
CAN1_RX1_IRQHandler                               build/startup_stm32f769xx.o
CAN1_SCE_IRQHandler                               build/startup_stm32f769xx.o
CAN1_TX_IRQHandler                                build/startup_stm32f769xx.o
CAN2_RX0_IRQHandler                               build/startup_stm32f769xx.o
CAN2_RX1_IRQHandler                               build/startup_stm32f769xx.o
CAN2_SCE_IRQHandler                               build/startup_stm32f769xx.o
CAN2_TX_IRQHandler                                build/startup_stm32f769xx.o
CAN3_RX0_IRQHandler                               build/startup_stm32f769xx.o
CAN3_RX1_IRQHandler                               build/startup_stm32f769xx.o
CAN3_SCE_IRQHandler                               build/startup_stm32f769xx.o
CAN3_TX_IRQHandler                                build/startup_stm32f769xx.o
CEC_IRQHandler                                    build/startup_stm32f769xx.o
DCMI_IRQHandler                                   build/startup_stm32f769xx.o
DFSDM1_FLT0_IRQHandler                            build/startup_stm32f769xx.o
DFSDM1_FLT1_IRQHandler                            build/startup_stm32f769xx.o
DFSDM1_FLT2_IRQHandler                            build/startup_stm32f769xx.o
DFSDM1_FLT3_IRQHandler                            build/startup_stm32f769xx.o
DMA1_Stream0_IRQHandler                           build/startup_stm32f769xx.o
DMA1_Stream1_IRQHandler                           build/startup_stm32f769xx.o
DMA1_Stream2_IRQHandler                           build/startup_stm32f769xx.o
DMA1_Stream3_IRQHandler                           build/startup_stm32f769xx.o
DMA1_Stream4_IRQHandler                           build/startup_stm32f769xx.o
DMA1_Stream5_IRQHandler                           build/startup_stm32f769xx.o
DMA1_Stream6_IRQHandler                           build/startup_stm32f769xx.o
DMA1_Stream7_IRQHandler                           build/startup_stm32f769xx.o
DMA2D_IRQHandler                                  build/startup_stm32f769xx.o
DMA2_Stream0_IRQHandler                           build/startup_stm32f769xx.o
DMA2_Stream1_IRQHandler                           build/startup_stm32f769xx.o
DMA2_Stream2_IRQHandler                           build/startup_stm32f769xx.o
DMA2_Stream3_IRQHandler                           build/startup_stm32f769xx.o
DMA2_Stream4_IRQHandler                           build/startup_stm32f769xx.o
DMA2_Stream5_IRQHandler                           build/startup_stm32f769xx.o
DMA2_Stream6_IRQHandler                           build/startup_stm32f769xx.o
DMA2_Stream7_IRQHandler                           build/startup_stm32f769xx.o
DSI_IRQHandler                                    build/startup_stm32f769xx.o
DebugMon_Handler                                  build/stm32f7xx_it.o
Default_Handler                                   build/startup_stm32f769xx.o
ETH_IRQHandler                                    build/startup_stm32f769xx.o
ETH_WKUP_IRQHandler                               build/startup_stm32f769xx.o
EXTI0_IRQHandler                                  build/startup_stm32f769xx.o
EXTI15_10_IRQHandler                              build/startup_stm32f769xx.o
EXTI1_IRQHandler                                  build/startup_stm32f769xx.o
EXTI2_IRQHandler                                  build/startup_stm32f769xx.o
EXTI3_IRQHandler                                  build/startup_stm32f769xx.o
EXTI4_IRQHandler                                  build/startup_stm32f769xx.o
EXTI9_5_IRQHandler                                build/startup_stm32f769xx.o
Error_Handler                                     build/main.o
FLASH_Erase_Sector                                build/stm32f7xx_hal_flash_ex.o
                                                  build/stm32f7xx_hal_flash.o
FLASH_IRQHandler                                  build/startup_stm32f769xx.o
FLASH_WaitForLastOperation                        build/stm32f7xx_hal_flash.o
                                                  build/stm32f7xx_hal_flash_ex.o
FMC_IRQHandler                                    build/startup_stm32f769xx.o
FPU_IRQHandler                                    build/startup_stm32f769xx.o
HAL_DBGMCU_DisableDBGSleepMode                    build/stm32f7xx_hal.o
HAL_DBGMCU_DisableDBGStandbyMode                  build/stm32f7xx_hal.o
HAL_DBGMCU_DisableDBGStopMode                     build/stm32f7xx_hal.o
HAL_DBGMCU_EnableDBGSleepMode                     build/stm32f7xx_hal.o
HAL_DBGMCU_EnableDBGStandbyMode                   build/stm32f7xx_hal.o
HAL_DBGMCU_EnableDBGStopMode                      build/stm32f7xx_hal.o
HAL_DMAEx_ChangeMemory                            build/stm32f7xx_hal_dma_ex.o
HAL_DMAEx_MultiBufferStart                        build/stm32f7xx_hal_dma_ex.o
HAL_DMAEx_MultiBufferStart_IT                     build/stm32f7xx_hal_dma_ex.o
HAL_DMA_Abort                                     build/stm32f7xx_hal_dma.o
                                                  build/stm32f7xx_hal_uart.o
HAL_DMA_Abort_IT                                  build/stm32f7xx_hal_dma.o
                                                  build/stm32f7xx_hal_i2c.o
                                                  build/stm32f7xx_hal_uart.o
HAL_DMA_DeInit                                    build/stm32f7xx_hal_dma.o
HAL_DMA_GetError                                  build/stm32f7xx_hal_dma.o
                                                  build/stm32f7xx_hal_i2c.o
                                                  build/stm32f7xx_hal_uart.o
HAL_DMA_GetState                                  build/stm32f7xx_hal_dma.o
HAL_DMA_IRQHandler                                build/stm32f7xx_hal_dma.o
HAL_DMA_Init                                      build/stm32f7xx_hal_dma.o
HAL_DMA_PollForTransfer                           build/stm32f7xx_hal_dma.o
HAL_DMA_RegisterCallback                          build/stm32f7xx_hal_dma.o
HAL_DMA_Start                                     build/stm32f7xx_hal_dma.o
HAL_DMA_Start_IT                                  build/stm32f7xx_hal_dma.o
                                                  build/stm32f7xx_hal_i2c.o
                                                  build/stm32f7xx_hal_uart.o
HAL_DMA_UnRegisterCallback                        build/stm32f7xx_hal_dma.o
HAL_DeInit                                        build/stm32f7xx_hal.o
HAL_Delay                                         build/stm32f7xx_hal.o
HAL_DisableCompensationCell                       build/stm32f7xx_hal.o
HAL_DisableFMCMemorySwapping                      build/stm32f7xx_hal.o
HAL_DisableMemorySwappingBank                     build/stm32f7xx_hal.o
HAL_EXTI_ClearConfigLine                          build/stm32f7xx_hal_exti.o
HAL_EXTI_ClearPending                             build/stm32f7xx_hal_exti.o
HAL_EXTI_GenerateSWI                              build/stm32f7xx_hal_exti.o
HAL_EXTI_GetConfigLine                            build/stm32f7xx_hal_exti.o
HAL_EXTI_GetHandle                                build/stm32f7xx_hal_exti.o
HAL_EXTI_GetPending                               build/stm32f7xx_hal_exti.o
HAL_EXTI_IRQHandler                               build/stm32f7xx_hal_exti.o
HAL_EXTI_RegisterCallback                         build/stm32f7xx_hal_exti.o
HAL_EXTI_SetConfigLine                            build/stm32f7xx_hal_exti.o
HAL_EnableCompensationCell                        build/stm32f7xx_hal.o
HAL_EnableFMCMemorySwapping                       build/stm32f7xx_hal.o
HAL_EnableMemorySwappingBank                      build/stm32f7xx_hal.o
HAL_FLASHEx_Erase                                 build/stm32f7xx_hal_flash_ex.o
HAL_FLASHEx_Erase_IT                              build/stm32f7xx_hal_flash_ex.o
HAL_FLASHEx_OBGetConfig                           build/stm32f7xx_hal_flash_ex.o
HAL_FLASHEx_OBProgram                             build/stm32f7xx_hal_flash_ex.o
HAL_FLASH_EndOfOperationCallback                  build/stm32f7xx_hal_flash.o
HAL_FLASH_GetError                                build/stm32f7xx_hal_flash.o
HAL_FLASH_IRQHandler                              build/stm32f7xx_hal_flash.o
HAL_FLASH_Lock                                    build/stm32f7xx_hal_flash.o
HAL_FLASH_OB_Launch                               build/stm32f7xx_hal_flash.o
HAL_FLASH_OB_Lock                                 build/stm32f7xx_hal_flash.o
HAL_FLASH_OB_Unlock                               build/stm32f7xx_hal_flash.o
HAL_FLASH_OperationErrorCallback                  build/stm32f7xx_hal_flash.o
HAL_FLASH_Program                                 build/stm32f7xx_hal_flash.o
HAL_FLASH_Program_IT                              build/stm32f7xx_hal_flash.o
HAL_FLASH_Unlock                                  build/stm32f7xx_hal_flash.o
HAL_GPIO_DeInit                                   build/stm32f7xx_hal_gpio.o
                                                  build/stm32f7xx_hal_msp.o
HAL_GPIO_EXTI_Callback                            build/stm32f7xx_hal_gpio.o
HAL_GPIO_EXTI_IRQHandler                          build/stm32f7xx_hal_gpio.o
HAL_GPIO_Init                                     build/stm32f7xx_hal_gpio.o
                                                  build/stm32f7xx_hal_rcc.o
                                                  build/stm32f7xx_hal_msp.o
HAL_GPIO_LockPin                                  build/stm32f7xx_hal_gpio.o
HAL_GPIO_ReadPin                                  build/stm32f7xx_hal_gpio.o
HAL_GPIO_TogglePin                                build/stm32f7xx_hal_gpio.o
HAL_GPIO_WritePin                                 build/stm32f7xx_hal_gpio.o
HAL_GetDEVID                                      build/stm32f7xx_hal.o
HAL_GetHalVersion                                 build/stm32f7xx_hal.o
HAL_GetREVID                                      build/stm32f7xx_hal.o
HAL_GetTick                                       build/stm32f7xx_hal.o
                                                  build/stm32f7xx_hal_i2c.o
                                                  build/stm32f7xx_hal_pwr_ex.o
                                                  build/stm32f7xx_hal_dma.o
                                                  build/stm32f7xx_hal_flash.o
                                                  build/stm32f7xx_hal_rcc_ex.o
                                                  build/stm32f7xx_hal_rcc.o
                                                  build/stm32f7xx_hal_uart_ex.o
                                                  build/stm32f7xx_hal_uart.o
HAL_GetTickFreq                                   build/stm32f7xx_hal.o
HAL_GetTickPrio                                   build/stm32f7xx_hal.o
HAL_GetUIDw0                                      build/stm32f7xx_hal.o
HAL_GetUIDw1                                      build/stm32f7xx_hal.o
HAL_GetUIDw2                                      build/stm32f7xx_hal.o
HAL_HalfDuplex_EnableReceiver                     build/stm32f7xx_hal_uart.o
HAL_HalfDuplex_EnableTransmitter                  build/stm32f7xx_hal_uart.o
HAL_HalfDuplex_Init                               build/stm32f7xx_hal_uart.o
HAL_I2CEx_ConfigAnalogFilter                      build/stm32f7xx_hal_i2c_ex.o
HAL_I2CEx_ConfigDigitalFilter                     build/stm32f7xx_hal_i2c_ex.o
HAL_I2CEx_DisableFastModePlus                     build/stm32f7xx_hal_i2c_ex.o
HAL_I2CEx_EnableFastModePlus                      build/stm32f7xx_hal_i2c_ex.o
HAL_I2C_AbortCpltCallback                         build/stm32f7xx_hal_i2c.o
HAL_I2C_AddrCallback                              build/stm32f7xx_hal_i2c.o
HAL_I2C_DeInit                                    build/stm32f7xx_hal_i2c.o
HAL_I2C_DisableListen_IT                          build/stm32f7xx_hal_i2c.o
HAL_I2C_ER_IRQHandler                             build/stm32f7xx_hal_i2c.o
HAL_I2C_EV_IRQHandler                             build/stm32f7xx_hal_i2c.o
HAL_I2C_EnableListen_IT                           build/stm32f7xx_hal_i2c.o
HAL_I2C_ErrorCallback                             build/stm32f7xx_hal_i2c.o
HAL_I2C_GetError                                  build/stm32f7xx_hal_i2c.o
HAL_I2C_GetMode                                   build/stm32f7xx_hal_i2c.o
HAL_I2C_GetState                                  build/stm32f7xx_hal_i2c.o
HAL_I2C_Init                                      build/stm32f7xx_hal_i2c.o
HAL_I2C_IsDeviceReady                             build/stm32f7xx_hal_i2c.o
HAL_I2C_ListenCpltCallback                        build/stm32f7xx_hal_i2c.o
HAL_I2C_MasterRxCpltCallback                      build/stm32f7xx_hal_i2c.o
HAL_I2C_MasterTxCpltCallback                      build/stm32f7xx_hal_i2c.o
HAL_I2C_Master_Abort_IT                           build/stm32f7xx_hal_i2c.o
HAL_I2C_Master_Receive                            build/stm32f7xx_hal_i2c.o
HAL_I2C_Master_Receive_DMA                        build/stm32f7xx_hal_i2c.o
HAL_I2C_Master_Receive_IT                         build/stm32f7xx_hal_i2c.o
HAL_I2C_Master_Seq_Receive_DMA                    build/stm32f7xx_hal_i2c.o
HAL_I2C_Master_Seq_Receive_IT                     build/stm32f7xx_hal_i2c.o
HAL_I2C_Master_Seq_Transmit_DMA                   build/stm32f7xx_hal_i2c.o
HAL_I2C_Master_Seq_Transmit_IT                    build/stm32f7xx_hal_i2c.o
HAL_I2C_Master_Transmit                           build/stm32f7xx_hal_i2c.o
HAL_I2C_Master_Transmit_DMA                       build/stm32f7xx_hal_i2c.o
HAL_I2C_Master_Transmit_IT                        build/stm32f7xx_hal_i2c.o
HAL_I2C_MemRxCpltCallback                         build/stm32f7xx_hal_i2c.o
HAL_I2C_MemTxCpltCallback                         build/stm32f7xx_hal_i2c.o
HAL_I2C_Mem_Read                                  build/stm32f7xx_hal_i2c.o
HAL_I2C_Mem_Read_DMA                              build/stm32f7xx_hal_i2c.o
HAL_I2C_Mem_Read_IT                               build/stm32f7xx_hal_i2c.o
HAL_I2C_Mem_Write                                 build/stm32f7xx_hal_i2c.o
HAL_I2C_Mem_Write_DMA                             build/stm32f7xx_hal_i2c.o
HAL_I2C_Mem_Write_IT                              build/stm32f7xx_hal_i2c.o
HAL_I2C_MspDeInit                                 build/stm32f7xx_hal_i2c.o
HAL_I2C_MspInit                                   build/stm32f7xx_hal_i2c.o
HAL_I2C_SlaveRxCpltCallback                       build/stm32f7xx_hal_i2c.o
HAL_I2C_SlaveTxCpltCallback                       build/stm32f7xx_hal_i2c.o
HAL_I2C_Slave_Receive                             build/stm32f7xx_hal_i2c.o
HAL_I2C_Slave_Receive_DMA                         build/stm32f7xx_hal_i2c.o
HAL_I2C_Slave_Receive_IT                          build/stm32f7xx_hal_i2c.o
HAL_I2C_Slave_Seq_Receive_DMA                     build/stm32f7xx_hal_i2c.o
HAL_I2C_Slave_Seq_Receive_IT                      build/stm32f7xx_hal_i2c.o
HAL_I2C_Slave_Seq_Transmit_DMA                    build/stm32f7xx_hal_i2c.o
HAL_I2C_Slave_Seq_Transmit_IT                     build/stm32f7xx_hal_i2c.o
HAL_I2C_Slave_Transmit                            build/stm32f7xx_hal_i2c.o
HAL_I2C_Slave_Transmit_DMA                        build/stm32f7xx_hal_i2c.o
HAL_I2C_Slave_Transmit_IT                         build/stm32f7xx_hal_i2c.o
HAL_IncTick                                       build/stm32f7xx_hal.o
                                                  build/stm32f7xx_it.o
HAL_Init                                          build/stm32f7xx_hal.o
                                                  build/main.o
HAL_InitTick                                      build/stm32f7xx_hal.o
                                                  build/stm32f7xx_hal_rcc.o
HAL_LIN_Init                                      build/stm32f7xx_hal_uart.o
HAL_LIN_SendBreak                                 build/stm32f7xx_hal_uart.o
HAL_MPU_ConfigRegion                              build/stm32f7xx_hal_cortex.o
HAL_MPU_Disable                                   build/stm32f7xx_hal_cortex.o
HAL_MPU_Enable                                    build/stm32f7xx_hal_cortex.o
HAL_MspDeInit                                     build/stm32f7xx_hal.o
HAL_MspInit                                       build/stm32f7xx_hal_msp.o
HAL_MultiProcessorEx_AddressLength_Set            build/stm32f7xx_hal_uart_ex.o
HAL_MultiProcessor_DisableMuteMode                build/stm32f7xx_hal_uart.o
HAL_MultiProcessor_EnableMuteMode                 build/stm32f7xx_hal_uart.o
HAL_MultiProcessor_EnterMuteMode                  build/stm32f7xx_hal_uart.o
HAL_MultiProcessor_Init                           build/stm32f7xx_hal_uart.o
HAL_NVIC_ClearPendingIRQ                          build/stm32f7xx_hal_cortex.o
HAL_NVIC_DisableIRQ                               build/stm32f7xx_hal_cortex.o
HAL_NVIC_EnableIRQ                                build/stm32f7xx_hal_cortex.o
HAL_NVIC_GetActive                                build/stm32f7xx_hal_cortex.o
HAL_NVIC_GetPendingIRQ                            build/stm32f7xx_hal_cortex.o
HAL_NVIC_GetPriority                              build/stm32f7xx_hal_cortex.o
HAL_NVIC_GetPriorityGrouping                      build/stm32f7xx_hal_cortex.o
HAL_NVIC_SetPendingIRQ                            build/stm32f7xx_hal_cortex.o
HAL_NVIC_SetPriority                              build/stm32f7xx_hal_cortex.o
                                                  build/stm32f7xx_hal.o
HAL_NVIC_SetPriorityGrouping                      build/stm32f7xx_hal_cortex.o
                                                  build/stm32f7xx_hal.o
HAL_NVIC_SystemReset                              build/stm32f7xx_hal_cortex.o
HAL_PWREx_ControlVoltageScaling                   build/stm32f7xx_hal_pwr_ex.o
HAL_PWREx_DisableBkUpReg                          build/stm32f7xx_hal_pwr_ex.o
HAL_PWREx_DisableFlashPowerDown                   build/stm32f7xx_hal_pwr_ex.o
HAL_PWREx_DisableLowRegulatorLowVoltage           build/stm32f7xx_hal_pwr_ex.o
HAL_PWREx_DisableMainRegulatorLowVoltage          build/stm32f7xx_hal_pwr_ex.o
HAL_PWREx_DisableOverDrive                        build/stm32f7xx_hal_pwr_ex.o
HAL_PWREx_EnableBkUpReg                           build/stm32f7xx_hal_pwr_ex.o
HAL_PWREx_EnableFlashPowerDown                    build/stm32f7xx_hal_pwr_ex.o
HAL_PWREx_EnableLowRegulatorLowVoltage            build/stm32f7xx_hal_pwr_ex.o
HAL_PWREx_EnableMainRegulatorLowVoltage           build/stm32f7xx_hal_pwr_ex.o
HAL_PWREx_EnableOverDrive                         build/stm32f7xx_hal_pwr_ex.o
HAL_PWREx_EnterUnderDriveSTOPMode                 build/stm32f7xx_hal_pwr_ex.o
HAL_PWREx_GetVoltageRange                         build/stm32f7xx_hal_pwr_ex.o
HAL_PWR_ConfigPVD                                 build/stm32f7xx_hal_pwr.o
HAL_PWR_DeInit                                    build/stm32f7xx_hal_pwr.o
HAL_PWR_DisableBkUpAccess                         build/stm32f7xx_hal_pwr.o
HAL_PWR_DisablePVD                                build/stm32f7xx_hal_pwr.o
HAL_PWR_DisableSEVOnPend                          build/stm32f7xx_hal_pwr.o
HAL_PWR_DisableSleepOnExit                        build/stm32f7xx_hal_pwr.o
HAL_PWR_DisableWakeUpPin                          build/stm32f7xx_hal_pwr.o
HAL_PWR_EnableBkUpAccess                          build/stm32f7xx_hal_pwr.o
HAL_PWR_EnablePVD                                 build/stm32f7xx_hal_pwr.o
HAL_PWR_EnableSEVOnPend                           build/stm32f7xx_hal_pwr.o
HAL_PWR_EnableSleepOnExit                         build/stm32f7xx_hal_pwr.o
HAL_PWR_EnableWakeUpPin                           build/stm32f7xx_hal_pwr.o
HAL_PWR_EnterSLEEPMode                            build/stm32f7xx_hal_pwr.o
HAL_PWR_EnterSTANDBYMode                          build/stm32f7xx_hal_pwr.o
HAL_PWR_EnterSTOPMode                             build/stm32f7xx_hal_pwr.o
HAL_PWR_PVDCallback                               build/stm32f7xx_hal_pwr.o
HAL_PWR_PVD_IRQHandler                            build/stm32f7xx_hal_pwr.o
HAL_RCCEx_DisablePLLI2S                           build/stm32f7xx_hal_rcc_ex.o
HAL_RCCEx_DisablePLLSAI                           build/stm32f7xx_hal_rcc_ex.o
HAL_RCCEx_EnablePLLI2S                            build/stm32f7xx_hal_rcc_ex.o
HAL_RCCEx_EnablePLLSAI                            build/stm32f7xx_hal_rcc_ex.o
HAL_RCCEx_GetPeriphCLKConfig                      build/stm32f7xx_hal_rcc_ex.o
HAL_RCCEx_GetPeriphCLKFreq                        build/stm32f7xx_hal_rcc_ex.o
HAL_RCCEx_PeriphCLKConfig                         build/stm32f7xx_hal_rcc_ex.o
                                                  build/main.o
HAL_RCC_CSSCallback                               build/stm32f7xx_hal_rcc.o
HAL_RCC_ClockConfig                               build/stm32f7xx_hal_rcc.o
                                                  build/main.o
HAL_RCC_DeInit                                    build/stm32f7xx_hal_rcc.o
HAL_RCC_DisableCSS                                build/stm32f7xx_hal_rcc.o
HAL_RCC_EnableCSS                                 build/stm32f7xx_hal_rcc.o
HAL_RCC_GetClockConfig                            build/stm32f7xx_hal_rcc.o
HAL_RCC_GetHCLKFreq                               build/stm32f7xx_hal_rcc.o
HAL_RCC_GetOscConfig                              build/stm32f7xx_hal_rcc.o
HAL_RCC_GetPCLK1Freq                              build/stm32f7xx_hal_rcc.o
                                                  build/stm32f7xx_hal_uart.o
HAL_RCC_GetPCLK2Freq                              build/stm32f7xx_hal_rcc.o
                                                  build/stm32f7xx_hal_uart.o
HAL_RCC_GetSysClockFreq                           build/stm32f7xx_hal_rcc.o
                                                  build/stm32f7xx_hal_uart.o
HAL_RCC_MCOConfig                                 build/stm32f7xx_hal_rcc.o
HAL_RCC_NMI_IRQHandler                            build/stm32f7xx_hal_rcc.o
HAL_RCC_OscConfig                                 build/stm32f7xx_hal_rcc.o
                                                  build/main.o
HAL_RS485Ex_Init                                  build/stm32f7xx_hal_uart_ex.o
HAL_ResumeTick                                    build/stm32f7xx_hal.o
HAL_SYSTICK_CLKSourceConfig                       build/stm32f7xx_hal_cortex.o
HAL_SYSTICK_Callback                              build/stm32f7xx_hal_cortex.o
HAL_SYSTICK_Config                                build/stm32f7xx_hal_cortex.o
                                                  build/stm32f7xx_hal.o
HAL_SYSTICK_IRQHandler                            build/stm32f7xx_hal_cortex.o
HAL_SetTickFreq                                   build/stm32f7xx_hal.o
HAL_SuspendTick                                   build/stm32f7xx_hal.o
HAL_UARTEx_DisableClockStopMode                   build/stm32f7xx_hal_uart_ex.o
HAL_UARTEx_DisableStopMode                        build/stm32f7xx_hal_uart_ex.o
HAL_UARTEx_EnableClockStopMode                    build/stm32f7xx_hal_uart_ex.o
HAL_UARTEx_EnableStopMode                         build/stm32f7xx_hal_uart_ex.o
HAL_UARTEx_StopModeWakeUpSourceConfig             build/stm32f7xx_hal_uart_ex.o
HAL_UARTEx_WakeupCallback                         build/stm32f7xx_hal_uart.o
HAL_UART_Abort                                    build/stm32f7xx_hal_uart.o
HAL_UART_AbortCpltCallback                        build/stm32f7xx_hal_uart.o
HAL_UART_AbortReceive                             build/stm32f7xx_hal_uart.o
HAL_UART_AbortReceiveCpltCallback                 build/stm32f7xx_hal_uart.o
HAL_UART_AbortReceive_IT                          build/stm32f7xx_hal_uart.o
HAL_UART_AbortTransmit                            build/stm32f7xx_hal_uart.o
HAL_UART_AbortTransmitCpltCallback                build/stm32f7xx_hal_uart.o
HAL_UART_AbortTransmit_IT                         build/stm32f7xx_hal_uart.o
HAL_UART_Abort_IT                                 build/stm32f7xx_hal_uart.o
HAL_UART_DMAPause                                 build/stm32f7xx_hal_uart.o
HAL_UART_DMAResume                                build/stm32f7xx_hal_uart.o
HAL_UART_DMAStop                                  build/stm32f7xx_hal_uart.o
HAL_UART_DeInit                                   build/stm32f7xx_hal_uart.o
HAL_UART_DisableReceiverTimeout                   build/stm32f7xx_hal_uart.o
HAL_UART_EnableReceiverTimeout                    build/stm32f7xx_hal_uart.o
HAL_UART_ErrorCallback                            build/stm32f7xx_hal_uart.o
HAL_UART_GetError                                 build/stm32f7xx_hal_uart.o
HAL_UART_GetState                                 build/stm32f7xx_hal_uart.o
HAL_UART_IRQHandler                               build/stm32f7xx_hal_uart.o
HAL_UART_Init                                     build/stm32f7xx_hal_uart.o
                                                  build/main.o
HAL_UART_MspDeInit                                build/stm32f7xx_hal_msp.o
HAL_UART_MspInit                                  build/stm32f7xx_hal_msp.o
                                                  build/stm32f7xx_hal_uart_ex.o
HAL_UART_Receive                                  build/stm32f7xx_hal_uart.o
HAL_UART_Receive_DMA                              build/stm32f7xx_hal_uart.o
HAL_UART_Receive_IT                               build/stm32f7xx_hal_uart.o
HAL_UART_ReceiverTimeout_Config                   build/stm32f7xx_hal_uart.o
HAL_UART_RxCpltCallback                           build/stm32f7xx_hal_uart.o
HAL_UART_RxHalfCpltCallback                       build/stm32f7xx_hal_uart.o
HAL_UART_Transmit                                 build/stm32f7xx_hal_uart.o
HAL_UART_Transmit_DMA                             build/stm32f7xx_hal_uart.o
HAL_UART_Transmit_IT                              build/stm32f7xx_hal_uart.o
HAL_UART_TxCpltCallback                           build/stm32f7xx_hal_uart.o
HAL_UART_TxHalfCpltCallback                       build/stm32f7xx_hal_uart.o
HardFault_Handler                                 build/stm32f7xx_it.o
I2C1_ER_IRQHandler                                build/startup_stm32f769xx.o
I2C1_EV_IRQHandler                                build/startup_stm32f769xx.o
I2C2_ER_IRQHandler                                build/startup_stm32f769xx.o
I2C2_EV_IRQHandler                                build/startup_stm32f769xx.o
I2C3_ER_IRQHandler                                build/startup_stm32f769xx.o
I2C3_EV_IRQHandler                                build/startup_stm32f769xx.o
I2C4_ER_IRQHandler                                build/startup_stm32f769xx.o
I2C4_EV_IRQHandler                                build/startup_stm32f769xx.o
JPEG_IRQHandler                                   build/startup_stm32f769xx.o
LPTIM1_IRQHandler                                 build/startup_stm32f769xx.o
LTDC_ER_IRQHandler                                build/startup_stm32f769xx.o
LTDC_IRQHandler                                   build/startup_stm32f769xx.o
MDIOS_IRQHandler                                  build/startup_stm32f769xx.o
MemManage_Handler                                 build/stm32f7xx_it.o
NMI_Handler                                       build/stm32f7xx_it.o
OTG_FS_IRQHandler                                 build/startup_stm32f769xx.o
OTG_FS_WKUP_IRQHandler                            build/startup_stm32f769xx.o
OTG_HS_EP1_IN_IRQHandler                          build/startup_stm32f769xx.o
OTG_HS_EP1_OUT_IRQHandler                         build/startup_stm32f769xx.o
OTG_HS_IRQHandler                                 build/startup_stm32f769xx.o
OTG_HS_WKUP_IRQHandler                            build/startup_stm32f769xx.o
PVD_IRQHandler                                    build/startup_stm32f769xx.o
PendSV_Handler                                    build/stm32f7xx_it.o
QUADSPI_IRQHandler                                build/startup_stm32f769xx.o
RCC_IRQHandler                                    build/startup_stm32f769xx.o
RNG_IRQHandler                                    build/startup_stm32f769xx.o
RTC_Alarm_IRQHandler                              build/startup_stm32f769xx.o
RTC_WKUP_IRQHandler                               build/startup_stm32f769xx.o
Reset_Handler                                     build/startup_stm32f769xx.o
SAI1_IRQHandler                                   build/startup_stm32f769xx.o
SAI2_IRQHandler                                   build/startup_stm32f769xx.o
SDMMC1_IRQHandler                                 build/startup_stm32f769xx.o
SDMMC2_IRQHandler                                 build/startup_stm32f769xx.o
SPDIF_RX_IRQHandler                               build/startup_stm32f769xx.o
SPI1_IRQHandler                                   build/startup_stm32f769xx.o
SPI2_IRQHandler                                   build/startup_stm32f769xx.o
SPI3_IRQHandler                                   build/startup_stm32f769xx.o
SPI4_IRQHandler                                   build/startup_stm32f769xx.o
SPI5_IRQHandler                                   build/startup_stm32f769xx.o
SPI6_IRQHandler                                   build/startup_stm32f769xx.o
SVC_Handler                                       build/stm32f7xx_it.o
SysTick_Handler                                   build/stm32f7xx_it.o
SystemClock_Config                                build/main.o
SystemCoreClock                                   build/system_stm32f7xx.o
                                                  build/stm32f7xx_hal.o
                                                  build/stm32f7xx_hal_dma.o
                                                  build/stm32f7xx_hal_rcc.o
SystemCoreClockUpdate                             build/system_stm32f7xx.o
SystemInit                                        build/system_stm32f7xx.o
                                                  build/startup_stm32f769xx.o
TAMP_STAMP_IRQHandler                             build/startup_stm32f769xx.o
TIM1_BRK_TIM9_IRQHandler                          build/startup_stm32f769xx.o
TIM1_CC_IRQHandler                                build/startup_stm32f769xx.o
TIM1_TRG_COM_TIM11_IRQHandler                     build/startup_stm32f769xx.o
TIM1_UP_TIM10_IRQHandler                          build/startup_stm32f769xx.o
TIM2_IRQHandler                                   build/startup_stm32f769xx.o
TIM3_IRQHandler                                   build/startup_stm32f769xx.o
TIM4_IRQHandler                                   build/startup_stm32f769xx.o
TIM5_IRQHandler                                   build/startup_stm32f769xx.o
TIM6_DAC_IRQHandler                               build/startup_stm32f769xx.o
TIM7_IRQHandler                                   build/startup_stm32f769xx.o
TIM8_BRK_TIM12_IRQHandler                         build/startup_stm32f769xx.o
TIM8_CC_IRQHandler                                build/startup_stm32f769xx.o
TIM8_TRG_COM_TIM14_IRQHandler                     build/startup_stm32f769xx.o
TIM8_UP_TIM13_IRQHandler                          build/startup_stm32f769xx.o
UART4_IRQHandler                                  build/startup_stm32f769xx.o
UART5_IRQHandler                                  build/startup_stm32f769xx.o
UART7_IRQHandler                                  build/startup_stm32f769xx.o
UART8_IRQHandler                                  build/startup_stm32f769xx.o
UART_AdvFeatureConfig                             build/stm32f7xx_hal_uart.o
                                                  build/stm32f7xx_hal_uart_ex.o
UART_CheckIdleState                               build/stm32f7xx_hal_uart.o
                                                  build/stm32f7xx_hal_uart_ex.o
UART_SetConfig                                    build/stm32f7xx_hal_uart.o
                                                  build/stm32f7xx_hal_uart_ex.o
UART_WaitOnFlagUntilTimeout                       build/stm32f7xx_hal_uart.o
                                                  build/stm32f7xx_hal_uart_ex.o
USART1_IRQHandler                                 build/startup_stm32f769xx.o
USART2_IRQHandler                                 build/startup_stm32f769xx.o
USART3_IRQHandler                                 build/startup_stm32f769xx.o
USART6_IRQHandler                                 build/startup_stm32f769xx.o
UsageFault_Handler                                build/stm32f7xx_it.o
WWDG_IRQHandler                                   build/startup_stm32f769xx.o
_ITM_deregisterTMCloneTable                       /usr/lib/gcc/arm-none-eabi/9.2.1/thumb/v7e-m+dp/hard/crtbegin.o
_ITM_registerTMCloneTable                         /usr/lib/gcc/arm-none-eabi/9.2.1/thumb/v7e-m+dp/hard/crtbegin.o
__TMC_END__                                       /usr/lib/gcc/arm-none-eabi/9.2.1/thumb/v7e-m+dp/hard/crtend.o
                                                  /usr/lib/gcc/arm-none-eabi/9.2.1/thumb/v7e-m+dp/hard/crtbegin.o
__aeabi_idiv0                                     /usr/lib/gcc/arm-none-eabi/9.2.1/thumb/v7e-m+dp/hard/libgcc.a(_dvmd_tls.o)
__aeabi_ldiv0                                     /usr/lib/gcc/arm-none-eabi/9.2.1/thumb/v7e-m+dp/hard/libgcc.a(_dvmd_tls.o)
                                                  /usr/lib/gcc/arm-none-eabi/9.2.1/thumb/v7e-m+dp/hard/libgcc.a(_aeabi_uldivmod.o)
__aeabi_uldivmod                                  /usr/lib/gcc/arm-none-eabi/9.2.1/thumb/v7e-m+dp/hard/libgcc.a(_aeabi_uldivmod.o)
                                                  build/stm32f7xx_hal_rcc.o
__atexit_dummy                                    /usr/lib/gcc/arm-none-eabi/9.2.1/../../../arm-none-eabi/lib/thumb/v7e-m+dp/hard/libc_nano.a(lib_a-__atexit.o)
__bss_end__                                       /usr/lib/gcc/arm-none-eabi/9.2.1/../../../arm-none-eabi/lib/thumb/v7e-m+dp/hard/crt0.o
__bss_start__                                     /usr/lib/gcc/arm-none-eabi/9.2.1/../../../arm-none-eabi/lib/thumb/v7e-m+dp/hard/crt0.o
__call_exitprocs                                  /usr/lib/gcc/arm-none-eabi/9.2.1/../../../arm-none-eabi/lib/thumb/v7e-m+dp/hard/libc_nano.a(lib_a-__call_atexit.o)
                                                  /usr/lib/gcc/arm-none-eabi/9.2.1/../../../arm-none-eabi/lib/thumb/v7e-m+dp/hard/libc_nano.a(lib_a-__atexit.o)
                                                  /usr/lib/gcc/arm-none-eabi/9.2.1/../../../arm-none-eabi/lib/thumb/v7e-m+dp/hard/libc_nano.a(lib_a-exit.o)
__deregister_frame_info                           /usr/lib/gcc/arm-none-eabi/9.2.1/thumb/v7e-m+dp/hard/crtbegin.o
__dso_handle                                      /usr/lib/gcc/arm-none-eabi/9.2.1/thumb/v7e-m+dp/hard/crtbegin.o
__fini_array_end                                  /usr/lib/gcc/arm-none-eabi/9.2.1/../../../arm-none-eabi/lib/thumb/v7e-m+dp/hard/libc_nano.a(lib_a-fini.o)
__fini_array_start                                /usr/lib/gcc/arm-none-eabi/9.2.1/../../../arm-none-eabi/lib/thumb/v7e-m+dp/hard/libc_nano.a(lib_a-fini.o)
__init_array_end                                  /usr/lib/gcc/arm-none-eabi/9.2.1/../../../arm-none-eabi/lib/thumb/v7e-m+dp/hard/libc_nano.a(lib_a-init.o)
__init_array_start                                /usr/lib/gcc/arm-none-eabi/9.2.1/../../../arm-none-eabi/lib/thumb/v7e-m+dp/hard/libc_nano.a(lib_a-init.o)
__libc_fini_array                                 /usr/lib/gcc/arm-none-eabi/9.2.1/../../../arm-none-eabi/lib/thumb/v7e-m+dp/hard/libc_nano.a(lib_a-fini.o)
                                                  /usr/lib/gcc/arm-none-eabi/9.2.1/../../../arm-none-eabi/lib/thumb/v7e-m+dp/hard/crt0.o
__libc_init_array                                 /usr/lib/gcc/arm-none-eabi/9.2.1/../../../arm-none-eabi/lib/thumb/v7e-m+dp/hard/libc_nano.a(lib_a-init.o)
                                                  build/startup_stm32f769xx.o
                                                  /usr/lib/gcc/arm-none-eabi/9.2.1/../../../arm-none-eabi/lib/thumb/v7e-m+dp/hard/crt0.o
__on_exit_args                                    /usr/lib/gcc/arm-none-eabi/9.2.1/../../../arm-none-eabi/lib/thumb/v7e-m+dp/hard/libc_nano.a(lib_a-__atexit.o)
__preinit_array_end                               /usr/lib/gcc/arm-none-eabi/9.2.1/../../../arm-none-eabi/lib/thumb/v7e-m+dp/hard/libc_nano.a(lib_a-init.o)
__preinit_array_start                             /usr/lib/gcc/arm-none-eabi/9.2.1/../../../arm-none-eabi/lib/thumb/v7e-m+dp/hard/libc_nano.a(lib_a-init.o)
__register_exitproc                               /usr/lib/gcc/arm-none-eabi/9.2.1/../../../arm-none-eabi/lib/thumb/v7e-m+dp/hard/libc_nano.a(lib_a-__atexit.o)
                                                  /usr/lib/gcc/arm-none-eabi/9.2.1/../../../arm-none-eabi/lib/thumb/v7e-m+dp/hard/libc_nano.a(lib_a-atexit.o)
__register_frame_info                             /usr/lib/gcc/arm-none-eabi/9.2.1/thumb/v7e-m+dp/hard/crtbegin.o
__sf_fake_stderr                                  /usr/lib/gcc/arm-none-eabi/9.2.1/../../../arm-none-eabi/lib/thumb/v7e-m+dp/hard/libc_nano.a(lib_a-impure.o)
__sf_fake_stdin                                   /usr/lib/gcc/arm-none-eabi/9.2.1/../../../arm-none-eabi/lib/thumb/v7e-m+dp/hard/libc_nano.a(lib_a-impure.o)
__sf_fake_stdout                                  /usr/lib/gcc/arm-none-eabi/9.2.1/../../../arm-none-eabi/lib/thumb/v7e-m+dp/hard/libc_nano.a(lib_a-impure.o)
__stack                                           /usr/lib/gcc/arm-none-eabi/9.2.1/../../../arm-none-eabi/lib/thumb/v7e-m+dp/hard/crt0.o
__udivmoddi4                                      /usr/lib/gcc/arm-none-eabi/9.2.1/thumb/v7e-m+dp/hard/libgcc.a(_udivmoddi4.o)
                                                  /usr/lib/gcc/arm-none-eabi/9.2.1/thumb/v7e-m+dp/hard/libgcc.a(_aeabi_uldivmod.o)
_ebss                                             build/startup_stm32f769xx.o
_edata                                            build/startup_stm32f769xx.o
_estack                                           build/startup_stm32f769xx.o
_exit                                             /usr/lib/gcc/arm-none-eabi/9.2.1/../../../arm-none-eabi/lib/thumb/v7e-m+dp/hard/libnosys.a(_exit.o)
                                                  /usr/lib/gcc/arm-none-eabi/9.2.1/../../../arm-none-eabi/lib/thumb/v7e-m+dp/hard/libc_nano.a(lib_a-exit.o)
_fini                                             /usr/lib/gcc/arm-none-eabi/9.2.1/thumb/v7e-m+dp/hard/crti.o
                                                  /usr/lib/gcc/arm-none-eabi/9.2.1/../../../arm-none-eabi/lib/thumb/v7e-m+dp/hard/libc_nano.a(lib_a-fini.o)
_global_atexit                                    /usr/lib/gcc/arm-none-eabi/9.2.1/../../../arm-none-eabi/lib/thumb/v7e-m+dp/hard/libc_nano.a(lib_a-__call_atexit.o)
                                                  /usr/lib/gcc/arm-none-eabi/9.2.1/../../../arm-none-eabi/lib/thumb/v7e-m+dp/hard/libc_nano.a(lib_a-__atexit.o)
_global_impure_ptr                                /usr/lib/gcc/arm-none-eabi/9.2.1/../../../arm-none-eabi/lib/thumb/v7e-m+dp/hard/libc_nano.a(lib_a-impure.o)
                                                  /usr/lib/gcc/arm-none-eabi/9.2.1/../../../arm-none-eabi/lib/thumb/v7e-m+dp/hard/libc_nano.a(lib_a-exit.o)
_impure_ptr                                       /usr/lib/gcc/arm-none-eabi/9.2.1/../../../arm-none-eabi/lib/thumb/v7e-m+dp/hard/libc_nano.a(lib_a-impure.o)
_init                                             /usr/lib/gcc/arm-none-eabi/9.2.1/thumb/v7e-m+dp/hard/crti.o
                                                  /usr/lib/gcc/arm-none-eabi/9.2.1/../../../arm-none-eabi/lib/thumb/v7e-m+dp/hard/libc_nano.a(lib_a-init.o)
_mainCRTStartup                                   /usr/lib/gcc/arm-none-eabi/9.2.1/../../../arm-none-eabi/lib/thumb/v7e-m+dp/hard/crt0.o
_sbss                                             build/startup_stm32f769xx.o
_sdata                                            build/startup_stm32f769xx.o
_sidata                                           build/startup_stm32f769xx.o
_stack_init                                       /usr/lib/gcc/arm-none-eabi/9.2.1/../../../arm-none-eabi/lib/thumb/v7e-m+dp/hard/crt0.o
_start                                            /usr/lib/gcc/arm-none-eabi/9.2.1/../../../arm-none-eabi/lib/thumb/v7e-m+dp/hard/crt0.o
atexit                                            /usr/lib/gcc/arm-none-eabi/9.2.1/../../../arm-none-eabi/lib/thumb/v7e-m+dp/hard/libc_nano.a(lib_a-atexit.o)
                                                  /usr/lib/gcc/arm-none-eabi/9.2.1/../../../arm-none-eabi/lib/thumb/v7e-m+dp/hard/crt0.o
exit                                              /usr/lib/gcc/arm-none-eabi/9.2.1/../../../arm-none-eabi/lib/thumb/v7e-m+dp/hard/libc_nano.a(lib_a-exit.o)
                                                  /usr/lib/gcc/arm-none-eabi/9.2.1/../../../arm-none-eabi/lib/thumb/v7e-m+dp/hard/crt0.o
g_pfnVectors                                      build/startup_stm32f769xx.o
hardware_init_hook                                /usr/lib/gcc/arm-none-eabi/9.2.1/../../../arm-none-eabi/lib/thumb/v7e-m+dp/hard/crt0.o
huart1                                            build/main.o
main                                              build/main.o
                                                  build/startup_stm32f769xx.o
                                                  /usr/lib/gcc/arm-none-eabi/9.2.1/../../../arm-none-eabi/lib/thumb/v7e-m+dp/hard/crt0.o
malloc                                            /usr/lib/gcc/arm-none-eabi/9.2.1/../../../arm-none-eabi/lib/thumb/v7e-m+dp/hard/libc_nano.a(lib_a-__atexit.o)
memset                                            /usr/lib/gcc/arm-none-eabi/9.2.1/../../../arm-none-eabi/lib/thumb/v7e-m+dp/hard/libc_nano.a(lib_a-memset.o)
                                                  build/main.o
                                                  /usr/lib/gcc/arm-none-eabi/9.2.1/../../../arm-none-eabi/lib/thumb/v7e-m+dp/hard/crt0.o
pFlash                                            build/stm32f7xx_hal_flash.o
                                                  build/stm32f7xx_hal_flash_ex.o
software_init_hook                                /usr/lib/gcc/arm-none-eabi/9.2.1/../../../arm-none-eabi/lib/thumb/v7e-m+dp/hard/crt0.o
uwTick                                            build/stm32f7xx_hal.o
uwTickFreq                                        build/stm32f7xx_hal.o
uwTickPrio                                        build/stm32f7xx_hal.o
                                                  build/stm32f7xx_hal_rcc.o
